\BOOKMARK [0][-]{chapter.1}{\376\377\000I\000n\000t\000r\000o\000d\000u\000\347\000\343\000o}{}% 1
\BOOKMARK [0][-]{chapter.2}{\376\377\000E\000n\000u\000n\000c\000i\000a\000d\000o}{}% 2
\BOOKMARK [0][-]{chapter.3}{\376\377\000C\000o\000n\000c\000e\000p\000\347\000\343\000o\000\040\000d\000a\000\040\000S\000o\000l\000u\000\347\000\343\000o}{}% 3
\BOOKMARK [1][-]{section.3.1}{\376\377\000S\000i\000n\000t\000a\000x\000e\000\040\000d\000a\000\040\000L\000i\000n\000g\000u\000a\000g\000e\000m\000\040\000P\000L\000C}{chapter.3}% 4
\BOOKMARK [2][-]{subsection.3.1.1}{\376\377\000D\000e\000c\000l\000a\000r\000a\000\347\000\343\000o\000\040\000e\000\040\000a\000t\000r\000i\000b\000u\000i\000\347\000\343\000o\000\040\000d\000e\000\040\000v\000a\000r\000i\000\341\000v\000e\000i\000s}{section.3.1}% 5
\BOOKMARK [2][-]{subsection.3.1.2}{\376\377\000O\000p\000e\000r\000a\000d\000o\000r\000e\000s\000\040\000d\000e\000\040\000c\000o\000m\000p\000a\000r\000a\000\347\000\343\000o}{section.3.1}% 6
\BOOKMARK [2][-]{subsection.3.1.3}{\376\377\000O\000p\000e\000r\000a\000\347\000\365\000e\000s\000\040\000n\000u\000m\000\351\000r\000i\000c\000a\000s}{section.3.1}% 7
\BOOKMARK [2][-]{subsection.3.1.4}{\376\377\000O\000p\000e\000r\000a\000d\000o\000r\000e\000s\000\040\000l\000\363\000g\000i\000c\000o\000s}{section.3.1}% 8
\BOOKMARK [2][-]{subsection.3.1.5}{\376\377\000I\000n\000s\000t\000r\000u\000\347\000\365\000e\000s\000\040\000d\000e\000\040\000s\000e\000l\000e\000\347\000\343\000o}{section.3.1}% 9
\BOOKMARK [2][-]{subsection.3.1.6}{\376\377\000C\000i\000c\000l\000o\000\040\000w\000h\000i\000l\000e}{section.3.1}% 10
\BOOKMARK [2][-]{subsection.3.1.7}{\376\377\000D\000e\000f\000i\000n\000i\000\347\000\343\000o\000\040\000e\000\040\000i\000n\000v\000o\000c\000a\000\347\000\343\000o\000\040\000d\000e\000\040\000s\000u\000b\000p\000r\000o\000g\000r\000a\000m\000a\000s}{section.3.1}% 11
\BOOKMARK [2][-]{subsection.3.1.8}{\376\377\000I\000n\000p\000u\000t\000/\000O\000u\000t\000p\000u\000t}{section.3.1}% 12
\BOOKMARK [1][-]{section.3.2}{\376\377\000S\000\355\000m\000b\000o\000l\000o\000s}{chapter.3}% 13
\BOOKMARK [1][-]{section.3.3}{\376\377\000D\000e\000s\000e\000n\000h\000o\000\040\000d\000a\000\040\000G\000I\000C}{chapter.3}% 14
\BOOKMARK [0][-]{chapter.4}{\376\377\000E\000x\000e\000m\000p\000l\000o\000s\000\040\000d\000e\000\040\000f\000u\000n\000c\000i\000o\000n\000a\000m\000e\000n\000t\000o}{}% 15
\BOOKMARK [1][-]{subsection.4.0.1}{\376\377\000E\000x\000e\000m\000p\000l\000o\000\040\0001}{chapter.4}% 16
\BOOKMARK [2][-]{subsection.4.0.2}{\376\377\000E\000x\000e\000m\000p\000l\000o\000\040\0002}{subsection.4.0.1}% 17
\BOOKMARK [2][-]{subsection.4.0.3}{\376\377\000E\000x\000e\000m\000p\000l\000o\000\040\0003}{subsection.4.0.1}% 18
\BOOKMARK [2][-]{subsection.4.0.4}{\376\377\000E\000x\000e\000m\000p\000l\000o\000\040\0004}{subsection.4.0.1}% 19
\BOOKMARK [2][-]{subsection.4.0.5}{\376\377\000E\000x\000e\000m\000p\000l\000o\000\040\0005}{subsection.4.0.1}% 20
\BOOKMARK [2][-]{subsection.4.0.6}{\376\377\000E\000x\000e\000m\000p\000l\000o\000\040\0006}{subsection.4.0.1}% 21
\BOOKMARK [2][-]{subsection.4.0.7}{\376\377\000E\000x\000e\000m\000p\000l\000o\000\040\0007}{subsection.4.0.1}% 22
\BOOKMARK [0][-]{chapter.5}{\376\377\000C\000o\000n\000c\000l\000u\000s\000\343\000o}{}% 23
